I'm sorry, but errors were detected in your script. Please correct the
errors listed below, and try again.


File "game/script.rpy", line 90: 'xofset' is not a keyword argument or valid child of the text statement.
    xofset 10
          ^

Ren'Py Version: Ren'Py 8.5.3.26051504
Sat Jun 27 13:50:45 2026
